------------------------------------------------------------
Timing Analyzer Summary
------------------------------------------------------------

Type  : Slow 1200mV 85C Model Setup 'm_prescale:u0|cnt[0]'
Slack : -5.206
TNS   : -409.625

Type  : Slow 1200mV 85C Model Setup 'CLK1'
Slack : -4.716
TNS   : -94.193

Type  : Slow 1200mV 85C Model Hold 'm_prescale:u0|cnt[0]'
Slack : 0.322
TNS   : 0.000

Type  : Slow 1200mV 85C Model Hold 'CLK1'
Slack : 0.668
TNS   : 0.000

Type  : Slow 1200mV 85C Model Minimum Pulse Width 'CLK1'
Slack : -3.000
TNS   : -31.060

Type  : Slow 1200mV 85C Model Minimum Pulse Width 'm_prescale:u0|cnt[0]'
Slack : -1.403
TNS   : -179.584

Type  : Slow 1200mV 0C Model Setup 'm_prescale:u0|cnt[0]'
Slack : -4.665
TNS   : -363.931

Type  : Slow 1200mV 0C Model Setup 'CLK1'
Slack : -4.290
TNS   : -85.654

Type  : Slow 1200mV 0C Model Hold 'm_prescale:u0|cnt[0]'
Slack : 0.289
TNS   : 0.000

Type  : Slow 1200mV 0C Model Hold 'CLK1'
Slack : 0.616
TNS   : 0.000

Type  : Slow 1200mV 0C Model Minimum Pulse Width 'CLK1'
Slack : -3.000
TNS   : -31.060

Type  : Slow 1200mV 0C Model Minimum Pulse Width 'm_prescale:u0|cnt[0]'
Slack : -1.403
TNS   : -179.584

Type  : Fast 1200mV 0C Model Setup 'm_prescale:u0|cnt[0]'
Slack : -1.654
TNS   : -101.113

Type  : Fast 1200mV 0C Model Setup 'CLK1'
Slack : -1.500
TNS   : -29.620

Type  : Fast 1200mV 0C Model Hold 'm_prescale:u0|cnt[0]'
Slack : 0.140
TNS   : 0.000

Type  : Fast 1200mV 0C Model Hold 'CLK1'
Slack : 0.261
TNS   : 0.000

Type  : Fast 1200mV 0C Model Minimum Pulse Width 'CLK1'
Slack : -3.000
TNS   : -27.196

Type  : Fast 1200mV 0C Model Minimum Pulse Width 'm_prescale:u0|cnt[0]'
Slack : -1.000
TNS   : -128.000

------------------------------------------------------------
